<table class="" id=""><thead><tr><th scope="col">a</th><th scope="col">b</th><th scope="col">c</th></tr></thead><tfoot><tr><th scope="col">a</th><th scope="col">b</th><th scope="col">c</th></tr></tfoot><tbody><tr><td>7</td><td>8</td><td>9</td></tr><tr><td>10</td><td>11</td><td>12</td></tr></tbody></table>
